// Jest Snapshot v1, https://goo.gl/fbAQLP

exports[`File upload with dependant components renders with error message 1`] = `

<span class="govuk-error-message">
  Error message
</span>

`;

exports[`File upload with dependant components renders with label 1`] = `

<label class="govuk-label"
       for="my-file-upload"
>
  Full address
</label>

`;
