// Jest Snapshot v1, https://goo.gl/fbAQLP

exports[`Label with dependant components renders the error message text 1`] = `

<span class="govuk-error-message">
  Error message goes here
</span>

`;
