// Jest Snapshot v1, https://goo.gl/fbAQLP

exports[`Select with dependant components renders with error message 1`] = `

<span id="select-with-error-error"
      class="govuk-error-message"
>
  Error message
</span>

`;

exports[`Select with dependant components renders with hint 1`] = `

<span id="select-with-hint-hint"
      class="govuk-hint"
>
  Hint text goes here
</span>

`;

exports[`Select with dependant components renders with label 1`] = `

<label class="govuk-label"
       for="my-select"
>
  National Insurance number
</label>

`;
