// Jest Snapshot v1, https://goo.gl/fbAQLP

exports[`Textarea with dependant components renders with error message 1`] = `

<span id="textarea-with-error-error"
      class="govuk-error-message"
>
  Error message
</span>

`;

exports[`Textarea with dependant components renders with label 1`] = `

<label class="govuk-label"
       for="my-textarea"
>
  Full address
</label>

`;
